{
    "bundle.symbolic_name": "TestBundleManagedServiceFactory",
    "bundle.name": "TestBundleManagedServiceFactory",
    "bundle.activator": false,  "scr": {
      "version": 1,
      "components": [
         {
          "implementation-class": "mw_cppms::service::cm::test::TestManagedServiceFactoryImpl2",
          "properties" : {
            "service.pid" : "cm.testfactory"
          },
          "service": {
            "interfaces": [
              "test::TestManagedServiceFactory", "mw_cppms::service::cm::ManagedServiceFactory"
            ]
          }
        }
      ]
    }
   }
  